// Jest Snapshot v1, https://goo.gl/fbAQLP

exports[`foorm must serialize into transferable object 1`] = `
{
  "context": {},
  "entries": [
    {
      "attrs": undefined,
      "classes": "class-a class-b",
      "description": undefined,
      "disabled": false,
      "field": "input",
      "hidden": undefined,
      "hint": undefined,
      "label": "Input Label",
      "optional": true,
      "options": undefined,
      "placeholder": undefined,
      "styles": "max-width: 255px",
      "validators": [
        {
          "__fn__": "return ((v) => v.length > 10)(v,data,context,entry)",
        },
        {
          "__fn__": "return ((v) => Number(v === null || v === void 0 ? void 0 : v.length) > 10)(v,data,context,entry)",
        },
      ],
      "value": undefined,
    },
    {
      "attrs": undefined,
      "classes": {
        "__fn__": "return ((_, _d, ctx) => \`class-a class-b \${ctx.val}\`)(v,data,context,entry)",
      },
      "description": undefined,
      "disabled": {
        "__fn__": "return ((v, data) => !!data.input)(v,data,context,entry)",
      },
      "field": "field-2",
      "hidden": undefined,
      "hint": undefined,
      "label": {
        "__fn__": "return ((v) => \`Field Label\${v}\`)(v,data,context,entry)",
      },
      "optional": {
        "__fn__": "return ((v, data, ctx) => data.input.length < ctx.val)(v,data,context,entry)",
      },
      "options": undefined,
      "placeholder": undefined,
      "styles": {
        "max-width": {
          "__fn__": "return (() => '255px')(v,data,context,entry)",
        },
        "min-height": "100px",
      },
      "type": "type-2",
      "validators": [],
      "value": undefined,
    },
  ],
  "submit": {
    "disabled": undefined,
    "text": {
      "__fn__": "return (() => 'Submit')(data,context)",
    },
  },
  "title": {
    "__fn__": "return (() => 'My Title')(data,context)",
  },
}
`;
